PHPUnit 12.5.30 by Sebastian Bergmann and contributors.
Test file ";" not found
